::1 - - [08/Jul/2021:21:00:03 +0000] "GET /api/bus/search?endLocation=60269e94c06e5674fb04b35c&journeyDate=2021-07-15&startLocation=60269de9c06e5674fb04b35b HTTP/1.1" 304 - "http://localhost:3000/" "Mozilla/5.0 (X11; Linux x86_64) AppleWebKit/537.36 (KHTML, like Gecko) Chrome/91.0.4472.114 Safari/537.36"
::1 - - [08/Jul/2021:21:00:03 +0000] "GET /uploads/busimage/resized/image-1613144077858.jpg HTTP/1.1" 304 - "http://localhost:3000/" "Mozilla/5.0 (X11; Linux x86_64) AppleWebKit/537.36 (KHTML, like Gecko) Chrome/91.0.4472.114 Safari/537.36"
::1 - - [08/Jul/2021:21:00:14 +0000] "GET /api/locations HTTP/1.1" 304 - "http://localhost:3000/" "Mozilla/5.0 (X11; Linux x86_64) AppleWebKit/537.36 (KHTML, like Gecko) Chrome/91.0.4472.114 Safari/537.36"
::1 - - [08/Jul/2021:21:00:21 +0000] "GET /api/bus/search?endLocation=&journeyDate=2021-07-15&startLocation= HTTP/1.1" 500 25 "http://localhost:3000/" "Mozilla/5.0 (X11; Linux x86_64) AppleWebKit/537.36 (KHTML, like Gecko) Chrome/91.0.4472.114 Safari/537.36"
::1 - - [08/Jul/2021:21:00:22 +0000] "GET /api/locations HTTP/1.1" 304 - "http://localhost:3000/" "Mozilla/5.0 (X11; Linux x86_64) AppleWebKit/537.36 (KHTML, like Gecko) Chrome/91.0.4472.114 Safari/537.36"
::1 - - [08/Jul/2021:21:00:22 +0000] "GET /api/travels HTTP/1.1" 304 - "http://localhost:3000/" "Mozilla/5.0 (X11; Linux x86_64) AppleWebKit/537.36 (KHTML, like Gecko) Chrome/91.0.4472.114 Safari/537.36"
::ffff:127.0.0.1 - - [08/Jul/2021:21:03:45 +0000] "GET /api/bus/search?endLocation=&journeyDate=2021-07-15&startLocation= HTTP/1.1" 500 25 "-" "node-fetch/1.0 (+https://github.com/bitinn/node-fetch)"
::ffff:127.0.0.1 - - [08/Jul/2021:21:03:45 +0000] "GET /api/bus/search?endLocation=&journeyDate=2021-07-15&startLocation= HTTP/1.1" 500 25 "-" "node-fetch/1.0 (+https://github.com/bitinn/node-fetch)"
::ffff:127.0.0.1 - - [08/Jul/2021:21:03:45 +0000] "GET /api/bus/search?endLocation=&journeyDate=2021-07-15&startLocation= HTTP/1.1" 500 25 "-" "node-fetch/1.0 (+https://github.com/bitinn/node-fetch)"
::1 - - [08/Jul/2021:21:03:48 +0000] "GET /api/locations HTTP/1.1" 304 - "http://localhost:3000/" "Mozilla/5.0 (X11; Linux x86_64) AppleWebKit/537.36 (KHTML, like Gecko) Chrome/91.0.4472.114 Safari/537.36"
::1 - - [08/Jul/2021:21:03:48 +0000] "GET /api/travels HTTP/1.1" 304 - "http://localhost:3000/" "Mozilla/5.0 (X11; Linux x86_64) AppleWebKit/537.36 (KHTML, like Gecko) Chrome/91.0.4472.114 Safari/537.36"
::1 - - [09/Jul/2021:10:15:04 +0000] "OPTIONS /api/bus/all-bus-available HTTP/1.1" 204 0 "http://localhost:3006/" "Mozilla/5.0 (X11; Linux x86_64) AppleWebKit/537.36 (KHTML, like Gecko) Chrome/91.0.4472.114 Safari/537.36"
::1 - - [09/Jul/2021:10:15:04 +0000] "OPTIONS /api/owners HTTP/1.1" 204 0 "http://localhost:3006/" "Mozilla/5.0 (X11; Linux x86_64) AppleWebKit/537.36 (KHTML, like Gecko) Chrome/91.0.4472.114 Safari/537.36"
::1 - - [09/Jul/2021:10:15:04 +0000] "OPTIONS /api/bus/owner-bus-available HTTP/1.1" 204 0 "http://localhost:3006/" "Mozilla/5.0 (X11; Linux x86_64) AppleWebKit/537.36 (KHTML, like Gecko) Chrome/91.0.4472.114 Safari/537.36"
::1 - - [09/Jul/2021:10:15:04 +0000] "GET /uploads/ownerAvatar/resized/photo-1624959857058.png HTTP/1.1" 304 - "http://localhost:3006/" "Mozilla/5.0 (X11; Linux x86_64) AppleWebKit/537.36 (KHTML, like Gecko) Chrome/91.0.4472.114 Safari/537.36"
::1 - - [09/Jul/2021:10:15:04 +0000] "OPTIONS /api/bookings/my HTTP/1.1" 204 0 "http://localhost:3006/" "Mozilla/5.0 (X11; Linux x86_64) AppleWebKit/537.36 (KHTML, like Gecko) Chrome/91.0.4472.114 Safari/537.36"
::1 - - [09/Jul/2021:10:15:04 +0000] "GET /api/owners HTTP/1.1" 304 - "http://localhost:3006/" "Mozilla/5.0 (X11; Linux x86_64) AppleWebKit/537.36 (KHTML, like Gecko) Chrome/91.0.4472.114 Safari/537.36"
::1 - - [09/Jul/2021:10:15:04 +0000] "OPTIONS /api/guests HTTP/1.1" 204 0 "http://localhost:3006/" "Mozilla/5.0 (X11; Linux x86_64) AppleWebKit/537.36 (KHTML, like Gecko) Chrome/91.0.4472.114 Safari/537.36"
::1 - - [09/Jul/2021:10:15:05 +0000] "GET /api/bus/all-bus-available HTTP/1.1" 304 - "http://localhost:3006/" "Mozilla/5.0 (X11; Linux x86_64) AppleWebKit/537.36 (KHTML, like Gecko) Chrome/91.0.4472.114 Safari/537.36"
::1 - - [09/Jul/2021:10:15:05 +0000] "OPTIONS /api/bus/all-bus-unavailable HTTP/1.1" 204 0 "http://localhost:3006/" "Mozilla/5.0 (X11; Linux x86_64) AppleWebKit/537.36 (KHTML, like Gecko) Chrome/91.0.4472.114 Safari/537.36"
::1 - - [09/Jul/2021:10:15:05 +0000] "GET /api/guests HTTP/1.1" 304 - "http://localhost:3006/" "Mozilla/5.0 (X11; Linux x86_64) AppleWebKit/537.36 (KHTML, like Gecko) Chrome/91.0.4472.114 Safari/537.36"
::1 - - [09/Jul/2021:10:15:05 +0000] "GET /api/bus/all-bus-unavailable HTTP/1.1" 304 - "http://localhost:3006/" "Mozilla/5.0 (X11; Linux x86_64) AppleWebKit/537.36 (KHTML, like Gecko) Chrome/91.0.4472.114 Safari/537.36"
::1 - - [09/Jul/2021:10:15:05 +0000] "OPTIONS /api/users HTTP/1.1" 204 0 "http://localhost:3006/" "Mozilla/5.0 (X11; Linux x86_64) AppleWebKit/537.36 (KHTML, like Gecko) Chrome/91.0.4472.114 Safari/537.36"
::1 - - [09/Jul/2021:10:15:05 +0000] "GET /api/bus/owner-bus-available HTTP/1.1" 304 - "http://localhost:3006/" "Mozilla/5.0 (X11; Linux x86_64) AppleWebKit/537.36 (KHTML, like Gecko) Chrome/91.0.4472.114 Safari/537.36"
::1 - - [09/Jul/2021:10:15:05 +0000] "OPTIONS /api/bus/owner-bus-unavailable HTTP/1.1" 204 0 "http://localhost:3006/" "Mozilla/5.0 (X11; Linux x86_64) AppleWebKit/537.36 (KHTML, like Gecko) Chrome/91.0.4472.114 Safari/537.36"
::1 - - [09/Jul/2021:10:15:05 +0000] "GET /api/bookings/my HTTP/1.1" 304 - "http://localhost:3006/" "Mozilla/5.0 (X11; Linux x86_64) AppleWebKit/537.36 (KHTML, like Gecko) Chrome/91.0.4472.114 Safari/537.36"
::1 - - [09/Jul/2021:10:15:05 +0000] "GET /api/users HTTP/1.1" 304 - "http://localhost:3006/" "Mozilla/5.0 (X11; Linux x86_64) AppleWebKit/537.36 (KHTML, like Gecko) Chrome/91.0.4472.114 Safari/537.36"
::1 - - [09/Jul/2021:10:15:05 +0000] "GET /api/bus/owner-bus-unavailable HTTP/1.1" 304 - "http://localhost:3006/" "Mozilla/5.0 (X11; Linux x86_64) AppleWebKit/537.36 (KHTML, like Gecko) Chrome/91.0.4472.114 Safari/537.36"
::1 - - [09/Jul/2021:10:15:12 +0000] "GET /api/locations HTTP/1.1" 304 - "http://localhost:3000/" "Mozilla/5.0 (X11; Linux x86_64) AppleWebKit/537.36 (KHTML, like Gecko) Chrome/91.0.4472.114 Safari/537.36"
::1 - - [09/Jul/2021:10:15:17 +0000] "GET /api/locations HTTP/1.1" 304 - "http://localhost:3000/" "Mozilla/5.0 (X11; Linux x86_64) AppleWebKit/537.36 (KHTML, like Gecko) Chrome/91.0.4472.114 Safari/537.36"
::1 - - [09/Jul/2021:10:20:32 +0000] "GET /api/locations HTTP/1.1" 304 - "http://localhost:3000/" "Mozilla/5.0 (X11; Linux x86_64) AppleWebKit/537.36 (KHTML, like Gecko) Chrome/91.0.4472.114 Safari/537.36"
::1 - - [09/Jul/2021:10:20:32 +0000] "GET /api/locations HTTP/1.1" 304 - "http://localhost:3000/" "Mozilla/5.0 (X11; Linux x86_64) AppleWebKit/537.36 (KHTML, like Gecko) Chrome/91.0.4472.114 Safari/537.36"
::1 - - [09/Jul/2021:10:20:35 +0000] "GET /api/locations HTTP/1.1" 304 - "http://localhost:3000/" "Mozilla/5.0 (X11; Linux x86_64) AppleWebKit/537.36 (KHTML, like Gecko) Chrome/91.0.4472.114 Safari/537.36"
::1 - - [09/Jul/2021:10:20:49 +0000] "GET /api/locations HTTP/1.1" 304 - "http://localhost:3000/" "Mozilla/5.0 (X11; Linux x86_64) AppleWebKit/537.36 (KHTML, like Gecko) Chrome/91.0.4472.114 Safari/537.36"
::1 - - [09/Jul/2021:10:20:52 +0000] "GET /api/locations HTTP/1.1" 304 - "http://localhost:3000/" "Mozilla/5.0 (X11; Linux x86_64) AppleWebKit/537.36 (KHTML, like Gecko) Chrome/91.0.4472.114 Safari/537.36"
::1 - - [09/Jul/2021:10:20:56 +0000] "GET /api/locations HTTP/1.1" 304 - "http://localhost:3000/" "Mozilla/5.0 (X11; Linux x86_64) AppleWebKit/537.36 (KHTML, like Gecko) Chrome/91.0.4472.114 Safari/537.36"
::1 - - [09/Jul/2021:10:21:14 +0000] "GET /api/locations HTTP/1.1" 304 - "http://localhost:3000/" "Mozilla/5.0 (X11; Linux x86_64) AppleWebKit/537.36 (KHTML, like Gecko) Chrome/91.0.4472.114 Safari/537.36"
::1 - - [09/Jul/2021:10:21:26 +0000] "GET /api/locations HTTP/1.1" 304 - "http://localhost:3000/" "Mozilla/5.0 (X11; Linux x86_64) AppleWebKit/537.36 (KHTML, like Gecko) Chrome/91.0.4472.114 Safari/537.36"
::1 - - [09/Jul/2021:10:21:33 +0000] "GET /api/locations HTTP/1.1" 304 - "http://localhost:3000/" "Mozilla/5.0 (X11; Linux x86_64) AppleWebKit/537.36 (KHTML, like Gecko) Chrome/91.0.4472.114 Safari/537.36"
::1 - - [09/Jul/2021:10:22:00 +0000] "GET /api/bus/search?endLocation=&journeyDate=2021-07-10&startLocation= HTTP/1.1" 500 25 "http://localhost:3000/" "Mozilla/5.0 (X11; Linux x86_64) AppleWebKit/537.36 (KHTML, like Gecko) Chrome/91.0.4472.114 Safari/537.36"
::1 - - [09/Jul/2021:10:22:01 +0000] "GET /api/locations HTTP/1.1" 304 - "http://localhost:3000/" "Mozilla/5.0 (X11; Linux x86_64) AppleWebKit/537.36 (KHTML, like Gecko) Chrome/91.0.4472.114 Safari/537.36"
::1 - - [09/Jul/2021:10:22:01 +0000] "GET /api/travels HTTP/1.1" 304 - "http://localhost:3000/" "Mozilla/5.0 (X11; Linux x86_64) AppleWebKit/537.36 (KHTML, like Gecko) Chrome/91.0.4472.114 Safari/537.36"
::1 - - [09/Jul/2021:10:22:21 +0000] "GET /api/locations HTTP/1.1" 304 - "http://localhost:3000/" "Mozilla/5.0 (X11; Linux x86_64) AppleWebKit/537.36 (KHTML, like Gecko) Chrome/91.0.4472.114 Safari/537.36"
::ffff:127.0.0.1 - - [09/Jul/2021:10:22:25 +0000] "GET /api/bus/search?endLocation=&journeyDate=2021-07-10&startLocation= HTTP/1.1" 500 25 "-" "node-fetch/1.0 (+https://github.com/bitinn/node-fetch)"
::1 - - [09/Jul/2021:10:22:37 +0000] "GET /api/locations HTTP/1.1" 304 - "http://localhost:3000/" "Mozilla/5.0 (X11; Linux x86_64) AppleWebKit/537.36 (KHTML, like Gecko) Chrome/91.0.4472.114 Safari/537.36"
::1 - - [09/Jul/2021:10:22:49 +0000] "GET /api/bus/search?endLocation=&journeyDate=2021-07-10&startLocation= HTTP/1.1" 500 25 "http://localhost:3000/" "Mozilla/5.0 (X11; Linux x86_64) AppleWebKit/537.36 (KHTML, like Gecko) Chrome/91.0.4472.114 Safari/537.36"
::1 - - [09/Jul/2021:10:22:50 +0000] "GET /api/locations HTTP/1.1" 304 - "http://localhost:3000/" "Mozilla/5.0 (X11; Linux x86_64) AppleWebKit/537.36 (KHTML, like Gecko) Chrome/91.0.4472.114 Safari/537.36"
::1 - - [09/Jul/2021:10:22:50 +0000] "GET /api/travels HTTP/1.1" 304 - "http://localhost:3000/" "Mozilla/5.0 (X11; Linux x86_64) AppleWebKit/537.36 (KHTML, like Gecko) Chrome/91.0.4472.114 Safari/537.36"
::1 - - [09/Jul/2021:10:30:45 +0000] "GET /api/locations HTTP/1.1" 304 - "http://localhost:3000/" "Mozilla/5.0 (X11; Linux x86_64) AppleWebKit/537.36 (KHTML, like Gecko) Chrome/91.0.4472.114 Safari/537.36"
::1 - - [09/Jul/2021:10:30:48 +0000] "GET /api/locations HTTP/1.1" 304 - "http://localhost:3000/" "Mozilla/5.0 (X11; Linux x86_64) AppleWebKit/537.36 (KHTML, like Gecko) Chrome/91.0.4472.114 Safari/537.36"
::1 - - [09/Jul/2021:10:30:54 +0000] "GET /api/bus/search?endLocation=&journeyDate=2021-07-10&startLocation= HTTP/1.1" 500 25 "http://localhost:3000/" "Mozilla/5.0 (X11; Linux x86_64) AppleWebKit/537.36 (KHTML, like Gecko) Chrome/91.0.4472.114 Safari/537.36"
::1 - - [09/Jul/2021:10:30:54 +0000] "GET /api/locations HTTP/1.1" 304 - "http://localhost:3000/" "Mozilla/5.0 (X11; Linux x86_64) AppleWebKit/537.36 (KHTML, like Gecko) Chrome/91.0.4472.114 Safari/537.36"
::1 - - [09/Jul/2021:10:30:54 +0000] "GET /api/travels HTTP/1.1" 304 - "http://localhost:3000/" "Mozilla/5.0 (X11; Linux x86_64) AppleWebKit/537.36 (KHTML, like Gecko) Chrome/91.0.4472.114 Safari/537.36"
::1 - - [09/Jul/2021:10:31:08 +0000] "GET /api/bus/search?endLocation=60269de9c06e5674fb04b35b&journeyDate=2021-07-10&startLocation=60269e94c06e5674fb04b35c HTTP/1.1" 200 2 "http://localhost:3000/" "Mozilla/5.0 (X11; Linux x86_64) AppleWebKit/537.36 (KHTML, like Gecko) Chrome/91.0.4472.114 Safari/537.36"
::1 - - [09/Jul/2021:10:31:08 +0000] "GET /api/locations HTTP/1.1" 304 - "http://localhost:3000/" "Mozilla/5.0 (X11; Linux x86_64) AppleWebKit/537.36 (KHTML, like Gecko) Chrome/91.0.4472.114 Safari/537.36"
::1 - - [09/Jul/2021:10:31:08 +0000] "GET /api/travels HTTP/1.1" 304 - "http://localhost:3000/" "Mozilla/5.0 (X11; Linux x86_64) AppleWebKit/537.36 (KHTML, like Gecko) Chrome/91.0.4472.114 Safari/537.36"
::1 - - [09/Jul/2021:10:31:12 +0000] "GET /api/bus/search?endLocation=60269de9c06e5674fb04b35b&journeyDate=2021-07-15&startLocation=60269e94c06e5674fb04b35c HTTP/1.1" 304 - "http://localhost:3000/" "Mozilla/5.0 (X11; Linux x86_64) AppleWebKit/537.36 (KHTML, like Gecko) Chrome/91.0.4472.114 Safari/537.36"
::1 - - [09/Jul/2021:10:31:15 +0000] "GET /api/bus/search?endLocation=60269de9c06e5674fb04b35b&journeyDate=2021-07-15&startLocation=60269e94c06e5674fb04b35c HTTP/1.1" 304 - "http://localhost:3000/" "Mozilla/5.0 (X11; Linux x86_64) AppleWebKit/537.36 (KHTML, like Gecko) Chrome/91.0.4472.114 Safari/537.36"
::1 - - [09/Jul/2021:10:31:18 +0000] "GET /api/locations HTTP/1.1" 304 - "http://localhost:3000/" "Mozilla/5.0 (X11; Linux x86_64) AppleWebKit/537.36 (KHTML, like Gecko) Chrome/91.0.4472.114 Safari/537.36"
::1 - - [09/Jul/2021:10:31:24 +0000] "GET /api/bus/search?endLocation=60269de9c06e5674fb04b35b&journeyDate=2021-07-15&startLocation=60269e94c06e5674fb04b35c HTTP/1.1" 304 - "http://localhost:3000/" "Mozilla/5.0 (X11; Linux x86_64) AppleWebKit/537.36 (KHTML, like Gecko) Chrome/91.0.4472.114 Safari/537.36"
::1 - - [09/Jul/2021:10:31:24 +0000] "GET /api/locations HTTP/1.1" 304 - "http://localhost:3000/" "Mozilla/5.0 (X11; Linux x86_64) AppleWebKit/537.36 (KHTML, like Gecko) Chrome/91.0.4472.114 Safari/537.36"
::1 - - [09/Jul/2021:10:31:24 +0000] "GET /api/travels HTTP/1.1" 304 - "http://localhost:3000/" "Mozilla/5.0 (X11; Linux x86_64) AppleWebKit/537.36 (KHTML, like Gecko) Chrome/91.0.4472.114 Safari/537.36"
::1 - - [09/Jul/2021:10:31:36 +0000] "GET /api/locations HTTP/1.1" 304 - "http://localhost:3000/" "Mozilla/5.0 (X11; Linux x86_64) AppleWebKit/537.36 (KHTML, like Gecko) Chrome/91.0.4472.114 Safari/537.36"
::1 - - [09/Jul/2021:10:31:43 +0000] "GET /api/bus/search?endLocation=60269de9c06e5674fb04b35b&journeyDate=2021-07-15&startLocation=60269e94c06e5674fb04b35c HTTP/1.1" 304 - "http://localhost:3000/" "Mozilla/5.0 (X11; Linux x86_64) AppleWebKit/537.36 (KHTML, like Gecko) Chrome/91.0.4472.114 Safari/537.36"
::1 - - [09/Jul/2021:10:31:43 +0000] "GET /api/locations HTTP/1.1" 304 - "http://localhost:3000/" "Mozilla/5.0 (X11; Linux x86_64) AppleWebKit/537.36 (KHTML, like Gecko) Chrome/91.0.4472.114 Safari/537.36"
::1 - - [09/Jul/2021:10:31:43 +0000] "GET /api/travels HTTP/1.1" 304 - "http://localhost:3000/" "Mozilla/5.0 (X11; Linux x86_64) AppleWebKit/537.36 (KHTML, like Gecko) Chrome/91.0.4472.114 Safari/537.36"
::1 - - [09/Jul/2021:10:31:48 +0000] "GET /api/locations HTTP/1.1" 304 - "http://localhost:3000/" "Mozilla/5.0 (X11; Linux x86_64) AppleWebKit/537.36 (KHTML, like Gecko) Chrome/91.0.4472.114 Safari/537.36"
::1 - - [09/Jul/2021:10:31:54 +0000] "GET /api/locations HTTP/1.1" 304 - "http://localhost:3000/" "Mozilla/5.0 (X11; Linux x86_64) AppleWebKit/537.36 (KHTML, like Gecko) Chrome/91.0.4472.114 Safari/537.36"
::1 - - [09/Jul/2021:10:32:04 +0000] "GET /api/bus/search?endLocation=60269de9c06e5674fb04b35b&journeyDate=2021-07-15&startLocation=60269e94c06e5674fb04b35c HTTP/1.1" 304 - "http://localhost:3000/" "Mozilla/5.0 (X11; Linux x86_64) AppleWebKit/537.36 (KHTML, like Gecko) Chrome/91.0.4472.114 Safari/537.36"
::1 - - [09/Jul/2021:10:32:04 +0000] "GET /api/locations HTTP/1.1" 304 - "http://localhost:3000/" "Mozilla/5.0 (X11; Linux x86_64) AppleWebKit/537.36 (KHTML, like Gecko) Chrome/91.0.4472.114 Safari/537.36"
::1 - - [09/Jul/2021:10:32:04 +0000] "GET /api/travels HTTP/1.1" 304 - "http://localhost:3000/" "Mozilla/5.0 (X11; Linux x86_64) AppleWebKit/537.36 (KHTML, like Gecko) Chrome/91.0.4472.114 Safari/537.36"
::1 - - [09/Jul/2021:10:32:07 +0000] "OPTIONS /api/bus/all-bus-available HTTP/1.1" 204 0 "http://localhost:3006/" "Mozilla/5.0 (X11; Linux x86_64) AppleWebKit/537.36 (KHTML, like Gecko) Chrome/91.0.4472.114 Safari/537.36"
::1 - - [09/Jul/2021:10:32:08 +0000] "GET /api/bus/all-bus-available HTTP/1.1" 304 - "http://localhost:3006/" "Mozilla/5.0 (X11; Linux x86_64) AppleWebKit/537.36 (KHTML, like Gecko) Chrome/91.0.4472.114 Safari/537.36"
::1 - - [09/Jul/2021:10:32:08 +0000] "GET /uploads/busimage/resized/image-1613144077858.jpg HTTP/1.1" 304 - "http://localhost:3006/" "Mozilla/5.0 (X11; Linux x86_64) AppleWebKit/537.36 (KHTML, like Gecko) Chrome/91.0.4472.114 Safari/537.36"
::1 - - [09/Jul/2021:10:32:11 +0000] "OPTIONS /api/bus/avtobus1 HTTP/1.1" 204 0 "http://localhost:3006/" "Mozilla/5.0 (X11; Linux x86_64) AppleWebKit/537.36 (KHTML, like Gecko) Chrome/91.0.4472.114 Safari/537.36"
::1 - - [09/Jul/2021:10:32:11 +0000] "GET /api/bus/avtobus1 HTTP/1.1" 200 743 "http://localhost:3006/" "Mozilla/5.0 (X11; Linux x86_64) AppleWebKit/537.36 (KHTML, like Gecko) Chrome/91.0.4472.114 Safari/537.36"
::1 - - [09/Jul/2021:10:32:14 +0000] "OPTIONS /api/bus/all-bus-available HTTP/1.1" 204 0 "http://localhost:3006/" "Mozilla/5.0 (X11; Linux x86_64) AppleWebKit/537.36 (KHTML, like Gecko) Chrome/91.0.4472.114 Safari/537.36"
::1 - - [09/Jul/2021:10:32:15 +0000] "GET /api/bus/all-bus-available HTTP/1.1" 304 - "http://localhost:3006/" "Mozilla/5.0 (X11; Linux x86_64) AppleWebKit/537.36 (KHTML, like Gecko) Chrome/91.0.4472.114 Safari/537.36"
::1 - - [09/Jul/2021:10:32:16 +0000] "OPTIONS /api/locations HTTP/1.1" 204 0 "http://localhost:3006/" "Mozilla/5.0 (X11; Linux x86_64) AppleWebKit/537.36 (KHTML, like Gecko) Chrome/91.0.4472.114 Safari/537.36"
::1 - - [09/Jul/2021:10:32:16 +0000] "OPTIONS /api/bus/avtobus1 HTTP/1.1" 204 0 "http://localhost:3006/" "Mozilla/5.0 (X11; Linux x86_64) AppleWebKit/537.36 (KHTML, like Gecko) Chrome/91.0.4472.114 Safari/537.36"
::1 - - [09/Jul/2021:10:32:16 +0000] "GET /api/locations HTTP/1.1" 304 - "http://localhost:3006/" "Mozilla/5.0 (X11; Linux x86_64) AppleWebKit/537.36 (KHTML, like Gecko) Chrome/91.0.4472.114 Safari/537.36"
::1 - - [09/Jul/2021:10:32:16 +0000] "OPTIONS /api/travels HTTP/1.1" 204 0 "http://localhost:3006/" "Mozilla/5.0 (X11; Linux x86_64) AppleWebKit/537.36 (KHTML, like Gecko) Chrome/91.0.4472.114 Safari/537.36"
::1 - - [09/Jul/2021:10:32:17 +0000] "GET /api/bus/avtobus1 HTTP/1.1" 304 - "http://localhost:3006/" "Mozilla/5.0 (X11; Linux x86_64) AppleWebKit/537.36 (KHTML, like Gecko) Chrome/91.0.4472.114 Safari/537.36"
::1 - - [09/Jul/2021:10:32:17 +0000] "GET /api/travels HTTP/1.1" 304 - "http://localhost:3006/" "Mozilla/5.0 (X11; Linux x86_64) AppleWebKit/537.36 (KHTML, like Gecko) Chrome/91.0.4472.114 Safari/537.36"
::ffff:127.0.0.1 - - [09/Jul/2021:10:32:25 +0000] "GET /api/bus/search?endLocation=&journeyDate=2021-07-10&startLocation= HTTP/1.1" 500 25 "-" "node-fetch/1.0 (+https://github.com/bitinn/node-fetch)"
::1 - - [09/Jul/2021:10:32:27 +0000] "GET /api/locations HTTP/1.1" 304 - "http://localhost:3000/" "Mozilla/5.0 (X11; Linux x86_64) AppleWebKit/537.36 (KHTML, like Gecko) Chrome/91.0.4472.114 Safari/537.36"
::1 - - [09/Jul/2021:10:32:27 +0000] "GET /api/travels HTTP/1.1" 304 - "http://localhost:3000/" "Mozilla/5.0 (X11; Linux x86_64) AppleWebKit/537.36 (KHTML, like Gecko) Chrome/91.0.4472.114 Safari/537.36"
::1 - - [09/Jul/2021:10:32:31 +0000] "GET /api/bus/search?endLocation=60269e94c06e5674fb04b35c&journeyDate=2021-07-15&startLocation=60269de9c06e5674fb04b35b HTTP/1.1" 304 - "http://localhost:3000/" "Mozilla/5.0 (X11; Linux x86_64) AppleWebKit/537.36 (KHTML, like Gecko) Chrome/91.0.4472.114 Safari/537.36"
::1 - - [09/Jul/2021:10:32:31 +0000] "GET /uploads/busimage/resized/image-1613144077858.jpg HTTP/1.1" 304 - "http://localhost:3000/" "Mozilla/5.0 (X11; Linux x86_64) AppleWebKit/537.36 (KHTML, like Gecko) Chrome/91.0.4472.114 Safari/537.36"
::1 - - [09/Jul/2021:10:32:34 +0000] "GET /api/locations HTTP/1.1" 304 - "http://localhost:3000/" "Mozilla/5.0 (X11; Linux x86_64) AppleWebKit/537.36 (KHTML, like Gecko) Chrome/91.0.4472.114 Safari/537.36"
::1 - - [09/Jul/2021:10:32:40 +0000] "GET /api/bus/search?endLocation=60269e94c06e5674fb04b35c&journeyDate=2021-07-15&startLocation=60269de9c06e5674fb04b35b HTTP/1.1" 304 - "http://localhost:3000/" "Mozilla/5.0 (X11; Linux x86_64) AppleWebKit/537.36 (KHTML, like Gecko) Chrome/91.0.4472.114 Safari/537.36"
::1 - - [09/Jul/2021:10:32:40 +0000] "GET /uploads/busimage/resized/image-1613144077858.jpg HTTP/1.1" 304 - "http://localhost:3000/" "Mozilla/5.0 (X11; Linux x86_64) AppleWebKit/537.36 (KHTML, like Gecko) Chrome/91.0.4472.114 Safari/537.36"
::1 - - [09/Jul/2021:10:32:40 +0000] "GET /api/locations HTTP/1.1" 304 - "http://localhost:3000/" "Mozilla/5.0 (X11; Linux x86_64) AppleWebKit/537.36 (KHTML, like Gecko) Chrome/91.0.4472.114 Safari/537.36"
::1 - - [09/Jul/2021:10:32:40 +0000] "GET /api/travels HTTP/1.1" 304 - "http://localhost:3000/" "Mozilla/5.0 (X11; Linux x86_64) AppleWebKit/537.36 (KHTML, like Gecko) Chrome/91.0.4472.114 Safari/537.36"
::1 - - [09/Jul/2021:10:32:54 +0000] "GET /api/locations HTTP/1.1" 304 - "http://localhost:3000/" "Mozilla/5.0 (X11; Linux x86_64) AppleWebKit/537.36 (KHTML, like Gecko) Chrome/91.0.4472.114 Safari/537.36"
::1 - - [09/Jul/2021:10:33:00 +0000] "GET /api/bus/search?endLocation=60269e94c06e5674fb04b35c&journeyDate=2021-07-15&startLocation=60269de9c06e5674fb04b35b HTTP/1.1" 304 - "http://localhost:3000/" "Mozilla/5.0 (X11; Linux x86_64) AppleWebKit/537.36 (KHTML, like Gecko) Chrome/91.0.4472.114 Safari/537.36"
::1 - - [09/Jul/2021:10:33:00 +0000] "GET /uploads/busimage/resized/image-1613144077858.jpg HTTP/1.1" 304 - "http://localhost:3000/" "Mozilla/5.0 (X11; Linux x86_64) AppleWebKit/537.36 (KHTML, like Gecko) Chrome/91.0.4472.114 Safari/537.36"
::1 - - [09/Jul/2021:10:33:00 +0000] "GET /api/travels HTTP/1.1" 304 - "http://localhost:3000/" "Mozilla/5.0 (X11; Linux x86_64) AppleWebKit/537.36 (KHTML, like Gecko) Chrome/91.0.4472.114 Safari/537.36"
::1 - - [09/Jul/2021:10:33:00 +0000] "GET /api/locations HTTP/1.1" 304 - "http://localhost:3000/" "Mozilla/5.0 (X11; Linux x86_64) AppleWebKit/537.36 (KHTML, like Gecko) Chrome/91.0.4472.114 Safari/537.36"
::ffff:127.0.0.1 - - [09/Jul/2021:10:33:29 +0000] "GET /api/bus/search?endLocation=60269e94c06e5674fb04b35c&journeyDate=2021-07-15&startLocation=60269de9c06e5674fb04b35b HTTP/1.1" 200 783 "-" "node-fetch/1.0 (+https://github.com/bitinn/node-fetch)"
::1 - - [09/Jul/2021:10:33:31 +0000] "GET /uploads/busimage/resized/image-1613144077858.jpg HTTP/1.1" 304 - "http://localhost:3000/" "Mozilla/5.0 (X11; Linux x86_64) AppleWebKit/537.36 (KHTML, like Gecko) Chrome/91.0.4472.114 Safari/537.36"
::1 - - [09/Jul/2021:10:33:31 +0000] "GET /api/travels HTTP/1.1" 304 - "http://localhost:3000/" "Mozilla/5.0 (X11; Linux x86_64) AppleWebKit/537.36 (KHTML, like Gecko) Chrome/91.0.4472.114 Safari/537.36"
::1 - - [09/Jul/2021:10:33:31 +0000] "GET /api/locations HTTP/1.1" 304 - "http://localhost:3000/" "Mozilla/5.0 (X11; Linux x86_64) AppleWebKit/537.36 (KHTML, like Gecko) Chrome/91.0.4472.114 Safari/537.36"
::1 - - [09/Jul/2021:10:47:34 +0000] "GET /api/locations HTTP/1.1" 304 - "http://localhost:3000/" "Mozilla/5.0 (X11; Linux x86_64) AppleWebKit/537.36 (KHTML, like Gecko) Chrome/91.0.4472.114 Safari/537.36"
::1 - - [09/Jul/2021:10:47:39 +0000] "GET /api/bus/search?endLocation=&journeyDate=2021-07-10&startLocation= HTTP/1.1" 500 25 "http://localhost:3000/" "Mozilla/5.0 (X11; Linux x86_64) AppleWebKit/537.36 (KHTML, like Gecko) Chrome/91.0.4472.114 Safari/537.36"
::1 - - [09/Jul/2021:10:47:39 +0000] "GET /api/locations HTTP/1.1" 304 - "http://localhost:3000/" "Mozilla/5.0 (X11; Linux x86_64) AppleWebKit/537.36 (KHTML, like Gecko) Chrome/91.0.4472.114 Safari/537.36"
::1 - - [09/Jul/2021:10:47:39 +0000] "GET /api/travels HTTP/1.1" 304 - "http://localhost:3000/" "Mozilla/5.0 (X11; Linux x86_64) AppleWebKit/537.36 (KHTML, like Gecko) Chrome/91.0.4472.114 Safari/537.36"
::1 - - [09/Jul/2021:10:47:57 +0000] "GET /api/locations HTTP/1.1" 304 - "http://localhost:3000/" "Mozilla/5.0 (X11; Linux x86_64) AppleWebKit/537.36 (KHTML, like Gecko) Chrome/91.0.4472.114 Safari/537.36"
::1 - - [09/Jul/2021:10:48:01 +0000] "GET /api/locations HTTP/1.1" 304 - "http://localhost:3000/" "Mozilla/5.0 (X11; Linux x86_64) AppleWebKit/537.36 (KHTML, like Gecko) Chrome/91.0.4472.114 Safari/537.36"
::1 - - [09/Jul/2021:10:48:12 +0000] "GET /api/bus/search?endLocation=&journeyDate=2021-07-10&startLocation= HTTP/1.1" 500 25 "http://localhost:3000/" "Mozilla/5.0 (X11; Linux x86_64) AppleWebKit/537.36 (KHTML, like Gecko) Chrome/91.0.4472.114 Safari/537.36"
::1 - - [09/Jul/2021:10:48:12 +0000] "GET /api/locations HTTP/1.1" 304 - "http://localhost:3000/" "Mozilla/5.0 (X11; Linux x86_64) AppleWebKit/537.36 (KHTML, like Gecko) Chrome/91.0.4472.114 Safari/537.36"
::1 - - [09/Jul/2021:10:48:12 +0000] "GET /api/travels HTTP/1.1" 304 - "http://localhost:3000/" "Mozilla/5.0 (X11; Linux x86_64) AppleWebKit/537.36 (KHTML, like Gecko) Chrome/91.0.4472.114 Safari/537.36"
::1 - - [09/Jul/2021:10:48:17 +0000] "GET /api/locations HTTP/1.1" 304 - "http://localhost:3000/" "Mozilla/5.0 (X11; Linux x86_64) AppleWebKit/537.36 (KHTML, like Gecko) Chrome/91.0.4472.114 Safari/537.36"
::1 - - [09/Jul/2021:10:48:25 +0000] "GET /api/bus/search?endLocation=60269e94c06e5674fb04b35c&journeyDate=2021-07-15&startLocation=60269de9c06e5674fb04b35b HTTP/1.1" 304 - "http://localhost:3000/" "Mozilla/5.0 (X11; Linux x86_64) AppleWebKit/537.36 (KHTML, like Gecko) Chrome/91.0.4472.114 Safari/537.36"
::1 - - [09/Jul/2021:10:48:25 +0000] "GET /uploads/busimage/resized/image-1613144077858.jpg HTTP/1.1" 304 - "http://localhost:3000/" "Mozilla/5.0 (X11; Linux x86_64) AppleWebKit/537.36 (KHTML, like Gecko) Chrome/91.0.4472.114 Safari/537.36"
::1 - - [09/Jul/2021:10:48:25 +0000] "GET /api/locations HTTP/1.1" 304 - "http://localhost:3000/" "Mozilla/5.0 (X11; Linux x86_64) AppleWebKit/537.36 (KHTML, like Gecko) Chrome/91.0.4472.114 Safari/537.36"
::1 - - [09/Jul/2021:10:48:25 +0000] "GET /api/travels HTTP/1.1" 304 - "http://localhost:3000/" "Mozilla/5.0 (X11; Linux x86_64) AppleWebKit/537.36 (KHTML, like Gecko) Chrome/91.0.4472.114 Safari/537.36"
::ffff:127.0.0.1 - - [09/Jul/2021:10:49:49 +0000] "GET /api/bus/search?endLocation=&journeyDate=2021-07-10&startLocation= HTTP/1.1" 500 25 "-" "node-fetch/1.0 (+https://github.com/bitinn/node-fetch)"
::1 - - [09/Jul/2021:10:49:51 +0000] "GET /api/locations HTTP/1.1" 304 - "http://localhost:3000/" "Mozilla/5.0 (X11; Linux x86_64) AppleWebKit/537.36 (KHTML, like Gecko) Chrome/91.0.4472.114 Safari/537.36"
::1 - - [09/Jul/2021:10:49:51 +0000] "GET /api/travels HTTP/1.1" 304 - "http://localhost:3000/" "Mozilla/5.0 (X11; Linux x86_64) AppleWebKit/537.36 (KHTML, like Gecko) Chrome/91.0.4472.114 Safari/537.36"
::1 - - [09/Jul/2021:10:50:00 +0000] "GET /api/bus/search?endLocation=&journeyDate=2021-07-15&startLocation= HTTP/1.1" 500 25 "http://localhost:3000/" "Mozilla/5.0 (X11; Linux x86_64) AppleWebKit/537.36 (KHTML, like Gecko) Chrome/91.0.4472.114 Safari/537.36"
::ffff:127.0.0.1 - - [09/Jul/2021:11:05:44 +0000] "GET /api/bus/search?endLocation=&journeyDate=2021-07-15&startLocation= HTTP/1.1" 500 25 "-" "node-fetch/1.0 (+https://github.com/bitinn/node-fetch)"
::1 - - [09/Jul/2021:11:05:47 +0000] "GET /api/locations HTTP/1.1" 304 - "http://localhost:3000/" "Mozilla/5.0 (X11; Linux x86_64) AppleWebKit/537.36 (KHTML, like Gecko) Chrome/91.0.4472.114 Safari/537.36"
::1 - - [09/Jul/2021:11:05:47 +0000] "GET /api/travels HTTP/1.1" 304 - "http://localhost:3000/" "Mozilla/5.0 (X11; Linux x86_64) AppleWebKit/537.36 (KHTML, like Gecko) Chrome/91.0.4472.114 Safari/537.36"
::1 - - [09/Jul/2021:11:11:18 +0000] "GET /api/locations HTTP/1.1" 304 - "http://localhost:3000/" "Mozilla/5.0 (X11; Linux x86_64) AppleWebKit/537.36 (KHTML, like Gecko) Chrome/91.0.4472.114 Safari/537.36"
::1 - - [09/Jul/2021:11:11:29 +0000] "GET /api/locations HTTP/1.1" 304 - "http://localhost:3000/" "Mozilla/5.0 (X11; Linux x86_64) AppleWebKit/537.36 (KHTML, like Gecko) Chrome/91.0.4472.114 Safari/537.36"
::1 - - [09/Jul/2021:11:11:47 +0000] "GET /api/bus/search?endLocation=&journeyDate=2021-07-17&startLocation= HTTP/1.1" 500 25 "http://localhost:3000/" "Mozilla/5.0 (X11; Linux x86_64) AppleWebKit/537.36 (KHTML, like Gecko) Chrome/91.0.4472.114 Safari/537.36"
::1 - - [09/Jul/2021:11:11:47 +0000] "GET /api/locations HTTP/1.1" 304 - "http://localhost:3000/" "Mozilla/5.0 (X11; Linux x86_64) AppleWebKit/537.36 (KHTML, like Gecko) Chrome/91.0.4472.114 Safari/537.36"
::1 - - [09/Jul/2021:11:11:47 +0000] "GET /api/travels HTTP/1.1" 304 - "http://localhost:3000/" "Mozilla/5.0 (X11; Linux x86_64) AppleWebKit/537.36 (KHTML, like Gecko) Chrome/91.0.4472.114 Safari/537.36"
::1 - - [09/Jul/2021:11:12:04 +0000] "GET /api/locations HTTP/1.1" 304 - "http://localhost:3000/" "Mozilla/5.0 (X11; Linux x86_64) AppleWebKit/537.36 (KHTML, like Gecko) Chrome/91.0.4472.114 Safari/537.36"
::1 - - [09/Jul/2021:11:12:11 +0000] "GET /api/bus/search?endLocation=60269de9c06e5674fb04b35b&journeyDate=2021-07-15&startLocation=60269e94c06e5674fb04b35c HTTP/1.1" 304 - "http://localhost:3000/" "Mozilla/5.0 (X11; Linux x86_64) AppleWebKit/537.36 (KHTML, like Gecko) Chrome/91.0.4472.114 Safari/537.36"
::1 - - [09/Jul/2021:11:12:11 +0000] "GET /api/travels HTTP/1.1" 304 - "http://localhost:3000/" "Mozilla/5.0 (X11; Linux x86_64) AppleWebKit/537.36 (KHTML, like Gecko) Chrome/91.0.4472.114 Safari/537.36"
::1 - - [09/Jul/2021:11:12:11 +0000] "GET /api/locations HTTP/1.1" 304 - "http://localhost:3000/" "Mozilla/5.0 (X11; Linux x86_64) AppleWebKit/537.36 (KHTML, like Gecko) Chrome/91.0.4472.114 Safari/537.36"
::1 - - [09/Jul/2021:11:16:18 +0000] "GET /api/locations HTTP/1.1" 304 - "http://localhost:3000/" "Mozilla/5.0 (X11; Linux x86_64) AppleWebKit/537.36 (KHTML, like Gecko) Chrome/91.0.4472.114 Safari/537.36"
::1 - - [09/Jul/2021:11:19:29 +0000] "GET /api/locations HTTP/1.1" 304 - "http://localhost:3000/" "Mozilla/5.0 (X11; Linux x86_64) AppleWebKit/537.36 (KHTML, like Gecko) Chrome/91.0.4472.114 Safari/537.36"
::1 - - [09/Jul/2021:11:19:38 +0000] "GET /api/bus/search?endLocation=&journeyDate=2021-07-15&startLocation= HTTP/1.1" 500 25 "http://localhost:3000/" "Mozilla/5.0 (X11; Linux x86_64) AppleWebKit/537.36 (KHTML, like Gecko) Chrome/91.0.4472.114 Safari/537.36"
::1 - - [09/Jul/2021:11:19:38 +0000] "GET /api/locations HTTP/1.1" 304 - "http://localhost:3000/" "Mozilla/5.0 (X11; Linux x86_64) AppleWebKit/537.36 (KHTML, like Gecko) Chrome/91.0.4472.114 Safari/537.36"
::1 - - [09/Jul/2021:11:19:38 +0000] "GET /api/travels HTTP/1.1" 304 - "http://localhost:3000/" "Mozilla/5.0 (X11; Linux x86_64) AppleWebKit/537.36 (KHTML, like Gecko) Chrome/91.0.4472.114 Safari/537.36"
::1 - - [09/Jul/2021:11:20:02 +0000] "GET /api/locations HTTP/1.1" 304 - "http://localhost:3000/" "Mozilla/5.0 (X11; Linux x86_64) AppleWebKit/537.36 (KHTML, like Gecko) Chrome/91.0.4472.114 Safari/537.36"
::1 - - [09/Jul/2021:11:20:05 +0000] "GET /api/locations HTTP/1.1" 304 - "http://localhost:3000/" "Mozilla/5.0 (X11; Linux x86_64) AppleWebKit/537.36 (KHTML, like Gecko) Chrome/91.0.4472.114 Safari/537.36"
::1 - - [09/Jul/2021:11:20:08 +0000] "GET /api/locations HTTP/1.1" 304 - "http://localhost:3000/" "Mozilla/5.0 (X11; Linux x86_64) AppleWebKit/537.36 (KHTML, like Gecko) Chrome/91.0.4472.114 Safari/537.36"
::1 - - [09/Jul/2021:11:20:18 +0000] "GET /api/bus/search?endLocation=60269e94c06e5674fb04b35c&journeyDate=2021-07-15&startLocation=60269de9c06e5674fb04b35b HTTP/1.1" 304 - "http://localhost:3000/" "Mozilla/5.0 (X11; Linux x86_64) AppleWebKit/537.36 (KHTML, like Gecko) Chrome/91.0.4472.114 Safari/537.36"
::1 - - [09/Jul/2021:11:20:18 +0000] "GET /uploads/busimage/resized/image-1613144077858.jpg HTTP/1.1" 304 - "http://localhost:3000/" "Mozilla/5.0 (X11; Linux x86_64) AppleWebKit/537.36 (KHTML, like Gecko) Chrome/91.0.4472.114 Safari/537.36"
::1 - - [09/Jul/2021:11:20:18 +0000] "GET /api/locations HTTP/1.1" 304 - "http://localhost:3000/" "Mozilla/5.0 (X11; Linux x86_64) AppleWebKit/537.36 (KHTML, like Gecko) Chrome/91.0.4472.114 Safari/537.36"
::1 - - [09/Jul/2021:11:20:18 +0000] "GET /api/travels HTTP/1.1" 304 - "http://localhost:3000/" "Mozilla/5.0 (X11; Linux x86_64) AppleWebKit/537.36 (KHTML, like Gecko) Chrome/91.0.4472.114 Safari/537.36"
::ffff:127.0.0.1 - - [09/Jul/2021:11:28:49 +0000] "GET /api/bus/search?endLocation=60269de9c06e5674fb04b35b&journeyDate=2021-07-15&startLocation=60269e94c06e5674fb04b35c HTTP/1.1" 200 2 "-" "node-fetch/1.0 (+https://github.com/bitinn/node-fetch)"
::1 - - [09/Jul/2021:11:28:52 +0000] "GET /api/locations HTTP/1.1" 304 - "http://localhost:3000/" "Mozilla/5.0 (X11; Linux x86_64) AppleWebKit/537.36 (KHTML, like Gecko) Chrome/91.0.4472.114 Safari/537.36"
::1 - - [09/Jul/2021:11:28:52 +0000] "GET /api/travels HTTP/1.1" 304 - "http://localhost:3000/" "Mozilla/5.0 (X11; Linux x86_64) AppleWebKit/537.36 (KHTML, like Gecko) Chrome/91.0.4472.114 Safari/537.36"
::1 - - [09/Jul/2021:11:29:10 +0000] "GET /api/bus/search?endLocation=60269e94c06e5674fb04b35c&journeyDate=2021-07-15&startLocation=60269de9c06e5674fb04b35b HTTP/1.1" 304 - "http://localhost:3000/" "Mozilla/5.0 (X11; Linux x86_64) AppleWebKit/537.36 (KHTML, like Gecko) Chrome/91.0.4472.114 Safari/537.36"
::1 - - [09/Jul/2021:11:29:10 +0000] "GET /uploads/busimage/resized/image-1613144077858.jpg HTTP/1.1" 304 - "http://localhost:3000/" "Mozilla/5.0 (X11; Linux x86_64) AppleWebKit/537.36 (KHTML, like Gecko) Chrome/91.0.4472.114 Safari/537.36"
::1 - - [09/Jul/2021:11:29:10 +0000] "GET /api/locations HTTP/1.1" 304 - "http://localhost:3000/" "Mozilla/5.0 (X11; Linux x86_64) AppleWebKit/537.36 (KHTML, like Gecko) Chrome/91.0.4472.114 Safari/537.36"
::1 - - [09/Jul/2021:11:29:10 +0000] "GET /api/travels HTTP/1.1" 304 - "http://localhost:3000/" "Mozilla/5.0 (X11; Linux x86_64) AppleWebKit/537.36 (KHTML, like Gecko) Chrome/91.0.4472.114 Safari/537.36"
::1 - - [09/Jul/2021:11:30:43 +0000] "GET /api/locations HTTP/1.1" 304 - "http://localhost:3000/" "Mozilla/5.0 (X11; Linux x86_64) AppleWebKit/537.36 (KHTML, like Gecko) Chrome/91.0.4472.114 Safari/537.36"
::ffff:127.0.0.1 - - [09/Jul/2021:11:31:09 +0000] "GET /api/bus/search?endLocation=60269e94c06e5674fb04b35c&journeyDate=2021-07-15&startLocation=60269de9c06e5674fb04b35b HTTP/1.1" 200 783 "-" "node-fetch/1.0 (+https://github.com/bitinn/node-fetch)"
::1 - - [09/Jul/2021:11:31:12 +0000] "GET /uploads/busimage/resized/image-1613144077858.jpg HTTP/1.1" 304 - "http://localhost:3000/" "Mozilla/5.0 (X11; Linux x86_64) AppleWebKit/537.36 (KHTML, like Gecko) Chrome/91.0.4472.114 Safari/537.36"
::1 - - [09/Jul/2021:11:31:12 +0000] "GET /api/locations HTTP/1.1" 304 - "http://localhost:3000/" "Mozilla/5.0 (X11; Linux x86_64) AppleWebKit/537.36 (KHTML, like Gecko) Chrome/91.0.4472.114 Safari/537.36"
::1 - - [09/Jul/2021:11:31:12 +0000] "GET /api/travels HTTP/1.1" 304 - "http://localhost:3000/" "Mozilla/5.0 (X11; Linux x86_64) AppleWebKit/537.36 (KHTML, like Gecko) Chrome/91.0.4472.114 Safari/537.36"
::1 - - [09/Jul/2021:11:31:57 +0000] "GET /api/locations HTTP/1.1" 304 - "http://localhost:3000/" "Mozilla/5.0 (X11; Linux x86_64) AppleWebKit/537.36 (KHTML, like Gecko) Chrome/91.0.4472.114 Safari/537.36"
::ffff:127.0.0.1 - - [09/Jul/2021:11:39:26 +0000] "GET /api/bus/search?endLocation=60269e94c06e5674fb04b35c&journeyDate=2021-07-15&startLocation=60269de9c06e5674fb04b35b HTTP/1.1" 200 783 "-" "node-fetch/1.0 (+https://github.com/bitinn/node-fetch)"
::1 - - [09/Jul/2021:11:39:29 +0000] "GET /uploads/busimage/resized/image-1613144077858.jpg HTTP/1.1" 304 - "http://localhost:3000/" "Mozilla/5.0 (X11; Linux x86_64) AppleWebKit/537.36 (KHTML, like Gecko) Chrome/91.0.4472.114 Safari/537.36"
::1 - - [09/Jul/2021:11:39:29 +0000] "GET /api/locations HTTP/1.1" 304 - "http://localhost:3000/" "Mozilla/5.0 (X11; Linux x86_64) AppleWebKit/537.36 (KHTML, like Gecko) Chrome/91.0.4472.114 Safari/537.36"
::1 - - [09/Jul/2021:11:39:29 +0000] "GET /api/travels HTTP/1.1" 304 - "http://localhost:3000/" "Mozilla/5.0 (X11; Linux x86_64) AppleWebKit/537.36 (KHTML, like Gecko) Chrome/91.0.4472.114 Safari/537.36"
::1 - - [09/Jul/2021:11:43:14 +0000] "GET /api/locations HTTP/1.1" 304 - "http://localhost:3000/" "Mozilla/5.0 (X11; Linux x86_64) AppleWebKit/537.36 (KHTML, like Gecko) Chrome/91.0.4472.114 Safari/537.36"
::1 - - [09/Jul/2021:11:43:14 +0000] "GET /api/travels HTTP/1.1" 304 - "http://localhost:3000/" "Mozilla/5.0 (X11; Linux x86_64) AppleWebKit/537.36 (KHTML, like Gecko) Chrome/91.0.4472.114 Safari/537.36"
::1 - - [09/Jul/2021:11:44:14 +0000] "GET /api/locations HTTP/1.1" 304 - "http://localhost:3000/" "Mozilla/5.0 (X11; Linux x86_64) AppleWebKit/537.36 (KHTML, like Gecko) Chrome/91.0.4472.114 Safari/537.36"
::1 - - [09/Jul/2021:11:44:14 +0000] "GET /api/travels HTTP/1.1" 304 - "http://localhost:3000/" "Mozilla/5.0 (X11; Linux x86_64) AppleWebKit/537.36 (KHTML, like Gecko) Chrome/91.0.4472.114 Safari/537.36"
::1 - - [09/Jul/2021:11:44:14 +0000] "GET /api/locations HTTP/1.1" 304 - "http://localhost:3000/" "Mozilla/5.0 (X11; Linux x86_64) AppleWebKit/537.36 (KHTML, like Gecko) Chrome/91.0.4472.114 Safari/537.36"
::1 - - [09/Jul/2021:11:51:07 +0000] "GET /api/locations HTTP/1.1" 304 - "http://localhost:3000/" "Mozilla/5.0 (X11; Linux x86_64) AppleWebKit/537.36 (KHTML, like Gecko) Chrome/91.0.4472.114 Safari/537.36"
::ffff:127.0.0.1 - - [09/Jul/2021:11:51:14 +0000] "GET /api/bus/search?endLocation=60269e94c06e5674fb04b35c&journeyDate=2021-07-15&startLocation=60269de9c06e5674fb04b35b HTTP/1.1" 200 783 "-" "node-fetch/1.0 (+https://github.com/bitinn/node-fetch)"
::1 - - [09/Jul/2021:11:51:17 +0000] "GET /uploads/busimage/resized/image-1613144077858.jpg HTTP/1.1" 304 - "http://localhost:3000/" "Mozilla/5.0 (X11; Linux x86_64) AppleWebKit/537.36 (KHTML, like Gecko) Chrome/91.0.4472.114 Safari/537.36"
::1 - - [09/Jul/2021:11:51:17 +0000] "GET /api/locations HTTP/1.1" 304 - "http://localhost:3000/" "Mozilla/5.0 (X11; Linux x86_64) AppleWebKit/537.36 (KHTML, like Gecko) Chrome/91.0.4472.114 Safari/537.36"
::1 - - [09/Jul/2021:11:51:18 +0000] "GET /api/travels HTTP/1.1" 304 - "http://localhost:3000/" "Mozilla/5.0 (X11; Linux x86_64) AppleWebKit/537.36 (KHTML, like Gecko) Chrome/91.0.4472.114 Safari/537.36"
::1 - - [09/Jul/2021:11:51:18 +0000] "GET /api/locations HTTP/1.1" 304 - "http://localhost:3000/" "Mozilla/5.0 (X11; Linux x86_64) AppleWebKit/537.36 (KHTML, like Gecko) Chrome/91.0.4472.114 Safari/537.36"
::1 - - [09/Jul/2021:11:51:25 +0000] "GET /api/locations HTTP/1.1" 304 - "http://localhost:3000/" "Mozilla/5.0 (X11; Linux x86_64) AppleWebKit/537.36 (KHTML, like Gecko) Chrome/91.0.4472.114 Safari/537.36"
::1 - - [09/Jul/2021:11:55:43 +0000] "GET /api/locations HTTP/1.1" 304 - "http://localhost:3000/" "Mozilla/5.0 (X11; Linux x86_64) AppleWebKit/537.36 (KHTML, like Gecko) Chrome/91.0.4472.114 Safari/537.36"
::1 - - [09/Jul/2021:11:55:43 +0000] "GET /api/travels HTTP/1.1" 304 - "http://localhost:3000/" "Mozilla/5.0 (X11; Linux x86_64) AppleWebKit/537.36 (KHTML, like Gecko) Chrome/91.0.4472.114 Safari/537.36"
::1 - - [09/Jul/2021:11:55:44 +0000] "GET /api/locations HTTP/1.1" 304 - "http://localhost:3000/" "Mozilla/5.0 (X11; Linux x86_64) AppleWebKit/537.36 (KHTML, like Gecko) Chrome/91.0.4472.114 Safari/537.36"
::ffff:127.0.0.1 - - [09/Jul/2021:11:55:59 +0000] "GET /api/bus/search?endLocation=60269e94c06e5674fb04b35c&journeyDate=2021-07-15&startLocation=60269de9c06e5674fb04b35b HTTP/1.1" 200 783 "-" "node-fetch/1.0 (+https://github.com/bitinn/node-fetch)"
::1 - - [09/Jul/2021:11:56:03 +0000] "GET /uploads/busimage/resized/image-1613144077858.jpg HTTP/1.1" 304 - "http://localhost:3000/" "Mozilla/5.0 (X11; Linux x86_64) AppleWebKit/537.36 (KHTML, like Gecko) Chrome/91.0.4472.114 Safari/537.36"
::1 - - [09/Jul/2021:11:56:03 +0000] "GET /api/locations HTTP/1.1" 304 - "http://localhost:3000/" "Mozilla/5.0 (X11; Linux x86_64) AppleWebKit/537.36 (KHTML, like Gecko) Chrome/91.0.4472.114 Safari/537.36"
::1 - - [09/Jul/2021:11:56:03 +0000] "GET /api/travels HTTP/1.1" 304 - "http://localhost:3000/" "Mozilla/5.0 (X11; Linux x86_64) AppleWebKit/537.36 (KHTML, like Gecko) Chrome/91.0.4472.114 Safari/537.36"
::1 - - [09/Jul/2021:11:56:03 +0000] "GET /api/locations HTTP/1.1" 304 - "http://localhost:3000/" "Mozilla/5.0 (X11; Linux x86_64) AppleWebKit/537.36 (KHTML, like Gecko) Chrome/91.0.4472.114 Safari/537.36"
::1 - - [09/Jul/2021:11:56:29 +0000] "GET /api/locations HTTP/1.1" 304 - "http://localhost:3000/" "Mozilla/5.0 (X11; Linux x86_64) AppleWebKit/537.36 (KHTML, like Gecko) Chrome/91.0.4472.114 Safari/537.36"
::ffff:127.0.0.1 - - [09/Jul/2021:11:56:31 +0000] "GET /api/bus/search?endLocation=60269e94c06e5674fb04b35c&journeyDate=2021-07-15&startLocation=60269de9c06e5674fb04b35b HTTP/1.1" 200 783 "-" "node-fetch/1.0 (+https://github.com/bitinn/node-fetch)"
::1 - - [09/Jul/2021:11:56:36 +0000] "GET /uploads/busimage/resized/image-1613144077858.jpg HTTP/1.1" 304 - "http://localhost:3000/" "Mozilla/5.0 (X11; Linux x86_64) AppleWebKit/537.36 (KHTML, like Gecko) Chrome/91.0.4472.114 Safari/537.36"
::1 - - [09/Jul/2021:11:56:36 +0000] "GET /api/locations HTTP/1.1" 304 - "http://localhost:3000/" "Mozilla/5.0 (X11; Linux x86_64) AppleWebKit/537.36 (KHTML, like Gecko) Chrome/91.0.4472.114 Safari/537.36"
::1 - - [09/Jul/2021:11:56:36 +0000] "GET /api/travels HTTP/1.1" 304 - "http://localhost:3000/" "Mozilla/5.0 (X11; Linux x86_64) AppleWebKit/537.36 (KHTML, like Gecko) Chrome/91.0.4472.114 Safari/537.36"
::1 - - [09/Jul/2021:11:56:36 +0000] "GET /api/locations HTTP/1.1" 304 - "http://localhost:3000/" "Mozilla/5.0 (X11; Linux x86_64) AppleWebKit/537.36 (KHTML, like Gecko) Chrome/91.0.4472.114 Safari/537.36"
::1 - - [09/Jul/2021:12:04:31 +0000] "GET /api/locations HTTP/1.1" 304 - "http://localhost:3000/" "Mozilla/5.0 (X11; Linux x86_64) AppleWebKit/537.36 (KHTML, like Gecko) Chrome/91.0.4472.114 Safari/537.36"
::ffff:127.0.0.1 - - [09/Jul/2021:12:04:34 +0000] "GET /api/bus/search?endLocation=60269e94c06e5674fb04b35c&journeyDate=2021-07-15&startLocation=60269de9c06e5674fb04b35b HTTP/1.1" 200 783 "-" "node-fetch/1.0 (+https://github.com/bitinn/node-fetch)"
::1 - - [09/Jul/2021:12:04:38 +0000] "GET /uploads/busimage/resized/image-1613144077858.jpg HTTP/1.1" 304 - "http://localhost:3000/" "Mozilla/5.0 (X11; Linux x86_64) AppleWebKit/537.36 (KHTML, like Gecko) Chrome/91.0.4472.114 Safari/537.36"
::1 - - [09/Jul/2021:12:04:38 +0000] "GET /api/locations HTTP/1.1" 304 - "http://localhost:3000/" "Mozilla/5.0 (X11; Linux x86_64) AppleWebKit/537.36 (KHTML, like Gecko) Chrome/91.0.4472.114 Safari/537.36"
::1 - - [09/Jul/2021:12:04:38 +0000] "GET /api/travels HTTP/1.1" 304 - "http://localhost:3000/" "Mozilla/5.0 (X11; Linux x86_64) AppleWebKit/537.36 (KHTML, like Gecko) Chrome/91.0.4472.114 Safari/537.36"
::1 - - [09/Jul/2021:12:04:38 +0000] "GET /api/locations HTTP/1.1" 304 - "http://localhost:3000/" "Mozilla/5.0 (X11; Linux x86_64) AppleWebKit/537.36 (KHTML, like Gecko) Chrome/91.0.4472.114 Safari/537.36"
::1 - - [09/Jul/2021:12:09:27 +0000] "GET /api/locations HTTP/1.1" 304 - "http://localhost:3000/" "Mozilla/5.0 (X11; Linux x86_64) AppleWebKit/537.36 (KHTML, like Gecko) Chrome/91.0.4472.114 Safari/537.36"
::ffff:127.0.0.1 - - [09/Jul/2021:12:09:29 +0000] "GET /api/bus/search?endLocation=60269e94c06e5674fb04b35c&journeyDate=2021-07-15&startLocation=60269de9c06e5674fb04b35b HTTP/1.1" 200 783 "-" "node-fetch/1.0 (+https://github.com/bitinn/node-fetch)"
::1 - - [09/Jul/2021:12:09:33 +0000] "GET /uploads/busimage/resized/image-1613144077858.jpg HTTP/1.1" 304 - "http://localhost:3000/" "Mozilla/5.0 (X11; Linux x86_64) AppleWebKit/537.36 (KHTML, like Gecko) Chrome/91.0.4472.114 Safari/537.36"
::1 - - [09/Jul/2021:12:09:33 +0000] "GET /api/locations HTTP/1.1" 304 - "http://localhost:3000/" "Mozilla/5.0 (X11; Linux x86_64) AppleWebKit/537.36 (KHTML, like Gecko) Chrome/91.0.4472.114 Safari/537.36"
::1 - - [09/Jul/2021:12:09:33 +0000] "GET /api/travels HTTP/1.1" 304 - "http://localhost:3000/" "Mozilla/5.0 (X11; Linux x86_64) AppleWebKit/537.36 (KHTML, like Gecko) Chrome/91.0.4472.114 Safari/537.36"
::1 - - [09/Jul/2021:12:09:33 +0000] "GET /api/locations HTTP/1.1" 304 - "http://localhost:3000/" "Mozilla/5.0 (X11; Linux x86_64) AppleWebKit/537.36 (KHTML, like Gecko) Chrome/91.0.4472.114 Safari/537.36"
::1 - - [09/Jul/2021:12:10:32 +0000] "GET /api/locations HTTP/1.1" 304 - "http://localhost:3000/" "Mozilla/5.0 (X11; Linux x86_64) AppleWebKit/537.36 (KHTML, like Gecko) Chrome/91.0.4472.114 Safari/537.36"
::1 - - [09/Jul/2021:12:11:13 +0000] "GET /api/locations HTTP/1.1" 304 - "http://localhost:3000/" "Mozilla/5.0 (X11; Linux x86_64) AppleWebKit/537.36 (KHTML, like Gecko) Chrome/91.0.4472.114 Safari/537.36"
::1 - - [09/Jul/2021:12:14:12 +0000] "GET /api/locations HTTP/1.1" 304 - "http://localhost:3000/" "Mozilla/5.0 (X11; Linux x86_64) AppleWebKit/537.36 (KHTML, like Gecko) Chrome/91.0.4472.114 Safari/537.36"
::ffff:127.0.0.1 - - [09/Jul/2021:12:14:54 +0000] "GET /api/bus/search?endLocation=60269e94c06e5674fb04b35c&journeyDate=2021-07-15&startLocation=60269de9c06e5674fb04b35b HTTP/1.1" 200 783 "-" "node-fetch/1.0 (+https://github.com/bitinn/node-fetch)"
::1 - - [09/Jul/2021:12:14:58 +0000] "GET /uploads/busimage/resized/image-1613144077858.jpg HTTP/1.1" 304 - "http://localhost:3000/" "Mozilla/5.0 (X11; Linux x86_64) AppleWebKit/537.36 (KHTML, like Gecko) Chrome/91.0.4472.114 Safari/537.36"
::1 - - [09/Jul/2021:12:14:58 +0000] "GET /api/locations HTTP/1.1" 304 - "http://localhost:3000/" "Mozilla/5.0 (X11; Linux x86_64) AppleWebKit/537.36 (KHTML, like Gecko) Chrome/91.0.4472.114 Safari/537.36"
::1 - - [09/Jul/2021:12:14:58 +0000] "GET /api/travels HTTP/1.1" 304 - "http://localhost:3000/" "Mozilla/5.0 (X11; Linux x86_64) AppleWebKit/537.36 (KHTML, like Gecko) Chrome/91.0.4472.114 Safari/537.36"
::1 - - [09/Jul/2021:12:14:58 +0000] "GET /api/locations HTTP/1.1" 304 - "http://localhost:3000/" "Mozilla/5.0 (X11; Linux x86_64) AppleWebKit/537.36 (KHTML, like Gecko) Chrome/91.0.4472.114 Safari/537.36"
::ffff:127.0.0.1 - - [09/Jul/2021:12:15:07 +0000] "GET /api/bus/search?endLocation=60269e94c06e5674fb04b35c&journeyDate=2021-07-15&startLocation=60269de9c06e5674fb04b35b HTTP/1.1" 200 783 "-" "node-fetch/1.0 (+https://github.com/bitinn/node-fetch)"
::1 - - [09/Jul/2021:12:15:11 +0000] "GET /uploads/busimage/resized/image-1613144077858.jpg HTTP/1.1" 304 - "http://localhost:3000/" "Mozilla/5.0 (X11; Linux x86_64) AppleWebKit/537.36 (KHTML, like Gecko) Chrome/91.0.4472.114 Safari/537.36"
::1 - - [09/Jul/2021:12:15:11 +0000] "GET /api/locations HTTP/1.1" 304 - "http://localhost:3000/" "Mozilla/5.0 (X11; Linux x86_64) AppleWebKit/537.36 (KHTML, like Gecko) Chrome/91.0.4472.114 Safari/537.36"
::1 - - [09/Jul/2021:12:15:11 +0000] "GET /api/travels HTTP/1.1" 304 - "http://localhost:3000/" "Mozilla/5.0 (X11; Linux x86_64) AppleWebKit/537.36 (KHTML, like Gecko) Chrome/91.0.4472.114 Safari/537.36"
::1 - - [09/Jul/2021:12:15:11 +0000] "GET /api/locations HTTP/1.1" 304 - "http://localhost:3000/" "Mozilla/5.0 (X11; Linux x86_64) AppleWebKit/537.36 (KHTML, like Gecko) Chrome/91.0.4472.114 Safari/537.36"
::ffff:127.0.0.1 - - [09/Jul/2021:12:15:32 +0000] "GET /api/bus/search?endLocation=60269e94c06e5674fb04b35c&journeyDate=2021-07-15&startLocation=60269de9c06e5674fb04b35b HTTP/1.1" 200 783 "-" "node-fetch/1.0 (+https://github.com/bitinn/node-fetch)"
::1 - - [09/Jul/2021:12:15:37 +0000] "GET /uploads/busimage/resized/image-1613144077858.jpg HTTP/1.1" 304 - "http://localhost:3000/" "Mozilla/5.0 (X11; Linux x86_64) AppleWebKit/537.36 (KHTML, like Gecko) Chrome/91.0.4472.114 Safari/537.36"
::1 - - [09/Jul/2021:12:15:37 +0000] "GET /api/locations HTTP/1.1" 304 - "http://localhost:3000/" "Mozilla/5.0 (X11; Linux x86_64) AppleWebKit/537.36 (KHTML, like Gecko) Chrome/91.0.4472.114 Safari/537.36"
::1 - - [09/Jul/2021:12:15:37 +0000] "GET /api/travels HTTP/1.1" 304 - "http://localhost:3000/" "Mozilla/5.0 (X11; Linux x86_64) AppleWebKit/537.36 (KHTML, like Gecko) Chrome/91.0.4472.114 Safari/537.36"
::1 - - [09/Jul/2021:12:15:37 +0000] "GET /api/locations HTTP/1.1" 304 - "http://localhost:3000/" "Mozilla/5.0 (X11; Linux x86_64) AppleWebKit/537.36 (KHTML, like Gecko) Chrome/91.0.4472.114 Safari/537.36"
::1 - - [09/Jul/2021:12:32:54 +0000] "GET /api/locations HTTP/1.1" 304 - "http://localhost:3000/" "Mozilla/5.0 (X11; Linux x86_64) AppleWebKit/537.36 (KHTML, like Gecko) Chrome/91.0.4472.114 Safari/537.36"
::1 - - [09/Jul/2021:12:32:54 +0000] "GET /api/travels HTTP/1.1" 304 - "http://localhost:3000/" "Mozilla/5.0 (X11; Linux x86_64) AppleWebKit/537.36 (KHTML, like Gecko) Chrome/91.0.4472.114 Safari/537.36"
::1 - - [09/Jul/2021:12:32:54 +0000] "GET /api/locations HTTP/1.1" 304 - "http://localhost:3000/" "Mozilla/5.0 (X11; Linux x86_64) AppleWebKit/537.36 (KHTML, like Gecko) Chrome/91.0.4472.114 Safari/537.36"
::1 - - [09/Jul/2021:14:05:19 +0000] "GET /api/locations HTTP/1.1" 304 - "http://localhost:3000/" "Mozilla/5.0 (X11; Linux x86_64) AppleWebKit/537.36 (KHTML, like Gecko) Chrome/91.0.4472.114 Safari/537.36"
::1 - - [09/Jul/2021:14:05:51 +0000] "GET /api/locations HTTP/1.1" 304 - "http://localhost:3000/" "Mozilla/5.0 (X11; Linux x86_64) AppleWebKit/537.36 (KHTML, like Gecko) Chrome/91.0.4472.114 Safari/537.36"
::1 - - [09/Jul/2021:14:24:16 +0000] "GET /api/locations HTTP/1.1" 304 - "http://localhost:3000/" "Mozilla/5.0 (X11; Linux x86_64) AppleWebKit/537.36 (KHTML, like Gecko) Chrome/91.0.4472.114 Safari/537.36"
::1 - - [09/Jul/2021:14:25:34 +0000] "GET /api/locations HTTP/1.1" 304 - "http://localhost:3000/" "Mozilla/5.0 (X11; Linux x86_64) AppleWebKit/537.36 (KHTML, like Gecko) Chrome/91.0.4472.114 Safari/537.36"
::1 - - [09/Jul/2021:14:25:50 +0000] "GET /api/locations HTTP/1.1" 304 - "http://localhost:3000/" "Mozilla/5.0 (X11; Linux x86_64) AppleWebKit/537.36 (KHTML, like Gecko) Chrome/91.0.4472.114 Safari/537.36"
::1 - - [09/Jul/2021:14:26:01 +0000] "GET /api/locations HTTP/1.1" 304 - "http://localhost:3000/" "Mozilla/5.0 (X11; Linux x86_64) AppleWebKit/537.36 (KHTML, like Gecko) Chrome/91.0.4472.114 Safari/537.36"
